0 verbose cli C:\Program Files\nodejs\node.exe C:\Users\pmdin\AppData\Roaming\npm\node_modules\npm\bin\npm-cli.js
1 info using npm@11.6.1
2 info using node@v22.19.0
3 silly config load:file:C:\Users\pmdin\AppData\Roaming\npm\node_modules\npm\npmrc
4 silly config load:file:C:\Practice\REACTAPP\.npmrc
5 silly config load:file:C:\Users\pmdin\.npmrc
6 silly config load:file:C:\Users\pmdin\AppData\Roaming\npm\etc\npmrc
7 verbose title npm init @eslint/config
8 verbose argv "init" "@eslint/config"
9 verbose logfile logs-max:10 dir:C:\Practice\REACTAPP\UserspmdinAppDataRoamingnpm\_logs\2025-10-03T05_52_11_839Z-
10 verbose logfile C:\Practice\REACTAPP\UserspmdinAppDataRoamingnpm\_logs\2025-10-03T05_52_11_839Z-debug-0.log
11 silly logfile start cleaning logs, removing 1 files
12 silly logfile done cleaning log files
13 silly packumentCache heap:2197815296 maxSize:549453824 maxEntrySize:274726912
14 http fetch GET 200 https://registry.npmjs.org/@eslint%2fcreate-config 3878ms (cache revalidated)
15 silly packumentCache heap:2197815296 maxSize:549453824 maxEntrySize:274726912
16 silly idealTree buildDeps
17 silly fetch manifest @eslint/create-config@1.10.0
18 silly packumentCache full:https://registry.npmjs.org/@eslint%2fcreate-config cache-miss
19 http fetch GET 200 https://registry.npmjs.org/@eslint%2fcreate-config 506ms (cache revalidated)
20 silly packumentCache full:https://registry.npmjs.org/@eslint%2fcreate-config set size:106876 disposed:false
21 silly placeDep ROOT @eslint/create-config@1.10.0 OK for:  want: 1.10.0
22 silly fetch manifest cross-spawn@^7.0.2
23 silly packumentCache full:https://registry.npmjs.org/cross-spawn cache-miss
24 silly fetch manifest enquirer@^2.3.5
25 silly packumentCache full:https://registry.npmjs.org/enquirer cache-miss
26 silly fetch manifest semver@^7.7.1
27 silly packumentCache full:https://registry.npmjs.org/semver cache-miss
28 http fetch GET 200 https://registry.npmjs.org/cross-spawn 237ms (cache revalidated)
29 silly packumentCache full:https://registry.npmjs.org/cross-spawn set size:109066 disposed:false
30 http fetch GET 200 https://registry.npmjs.org/enquirer 558ms (cache revalidated)
31 silly packumentCache full:https://registry.npmjs.org/enquirer set size:203040 disposed:false
32 http fetch GET 200 https://registry.npmjs.org/semver 722ms (cache revalidated)
33 silly packumentCache full:https://registry.npmjs.org/semver set size:224186 disposed:false
34 silly placeDep ROOT cross-spawn@7.0.6 OK for: @eslint/create-config@1.10.0 want: ^7.0.2
35 silly placeDep ROOT enquirer@2.4.1 OK for: @eslint/create-config@1.10.0 want: ^2.3.5
36 silly placeDep ROOT semver@7.7.2 OK for: @eslint/create-config@1.10.0 want: ^7.7.1
37 silly fetch manifest which@^2.0.1
38 silly packumentCache full:https://registry.npmjs.org/which cache-miss
39 silly fetch manifest path-key@^3.1.0
40 silly packumentCache full:https://registry.npmjs.org/path-key cache-miss
41 silly fetch manifest shebang-command@^2.0.0
42 silly packumentCache full:https://registry.npmjs.org/shebang-command cache-miss
43 silly fetch manifest ansi-colors@^4.1.1
44 silly packumentCache full:https://registry.npmjs.org/ansi-colors cache-miss
45 silly fetch manifest strip-ansi@^6.0.1
46 silly packumentCache full:https://registry.npmjs.org/strip-ansi cache-miss
47 http fetch GET 200 https://registry.npmjs.org/shebang-command 748ms (cache revalidated)
48 silly packumentCache full:https://registry.npmjs.org/shebang-command set size:8525 disposed:false
49 http fetch GET 200 https://registry.npmjs.org/path-key 801ms (cache revalidated)
50 silly packumentCache full:https://registry.npmjs.org/path-key set size:16975 disposed:false
51 http fetch GET 200 https://registry.npmjs.org/strip-ansi 887ms (cache revalidated)
52 silly packumentCache full:https://registry.npmjs.org/strip-ansi set size:41855 disposed:false
53 http fetch GET 200 https://registry.npmjs.org/ansi-colors 905ms (cache revalidated)
54 silly packumentCache full:https://registry.npmjs.org/ansi-colors set size:110876 disposed:false
55 http fetch GET 200 https://registry.npmjs.org/which 908ms (cache revalidated)
56 silly packumentCache full:https://registry.npmjs.org/which set size:62722 disposed:false
57 silly placeDep ROOT path-key@3.1.1 OK for: cross-spawn@7.0.6 want: ^3.1.0
58 silly placeDep ROOT shebang-command@2.0.0 OK for: cross-spawn@7.0.6 want: ^2.0.0
59 silly placeDep ROOT which@2.0.2 OK for: cross-spawn@7.0.6 want: ^2.0.1
60 silly fetch manifest shebang-regex@^3.0.0
61 silly packumentCache full:https://registry.npmjs.org/shebang-regex cache-miss
62 silly fetch manifest isexe@^2.0.0
63 silly packumentCache full:https://registry.npmjs.org/isexe cache-miss
64 http fetch GET 200 https://registry.npmjs.org/isexe 813ms (cache revalidated)
65 silly packumentCache full:https://registry.npmjs.org/isexe set size:19340 disposed:false
66 http fetch GET 200 https://registry.npmjs.org/shebang-regex 815ms (cache revalidated)
67 silly packumentCache full:https://registry.npmjs.org/shebang-regex set size:9763 disposed:false
68 silly placeDep ROOT ansi-colors@4.1.3 OK for: enquirer@2.4.1 want: ^4.1.1
69 silly placeDep ROOT strip-ansi@6.0.1 OK for: enquirer@2.4.1 want: ^6.0.1
70 silly fetch manifest ansi-regex@^5.0.1
71 silly packumentCache full:https://registry.npmjs.org/ansi-regex cache-miss
72 http fetch GET 200 https://registry.npmjs.org/ansi-regex 510ms (cache revalidated)
73 silly packumentCache full:https://registry.npmjs.org/ansi-regex set size:43572 disposed:false
74 silly placeDep ROOT shebang-regex@3.0.0 OK for: shebang-command@2.0.0 want: ^3.0.0
75 silly placeDep ROOT ansi-regex@5.0.1 OK for: strip-ansi@6.0.1 want: ^5.0.1
76 silly placeDep ROOT isexe@2.0.0 OK for: which@2.0.2 want: ^2.0.0
77 silly reify moves {}
78 silly audit bulk request {
78 silly audit   '@eslint/create-config': [ '1.10.0' ],
78 silly audit   'cross-spawn': [ '7.0.6' ],
78 silly audit   enquirer: [ '2.4.1' ],
78 silly audit   semver: [ '7.7.2' ],
78 silly audit   'path-key': [ '3.1.1' ],
78 silly audit   'shebang-command': [ '2.0.0' ],
78 silly audit   which: [ '2.0.2' ],
78 silly audit   'ansi-colors': [ '4.1.3' ],
78 silly audit   'strip-ansi': [ '6.0.1' ],
78 silly audit   'shebang-regex': [ '3.0.0' ],
78 silly audit   'ansi-regex': [ '5.0.1' ],
78 silly audit   isexe: [ '2.0.0' ]
78 silly audit }
79 http cache ansi-regex@https://registry.npmjs.org/ansi-regex/-/ansi-regex-5.0.1.tgz 0ms (cache hit)
80 http cache isexe@https://registry.npmjs.org/isexe/-/isexe-2.0.0.tgz 0ms (cache hit)
81 http cache shebang-regex@https://registry.npmjs.org/shebang-regex/-/shebang-regex-3.0.0.tgz 0ms (cache hit)
82 http cache strip-ansi@https://registry.npmjs.org/strip-ansi/-/strip-ansi-6.0.1.tgz 0ms (cache hit)
83 http cache which@https://registry.npmjs.org/which/-/which-2.0.2.tgz 0ms (cache hit)
84 http cache path-key@https://registry.npmjs.org/path-key/-/path-key-3.1.1.tgz 0ms (cache hit)
85 http cache ansi-colors@https://registry.npmjs.org/ansi-colors/-/ansi-colors-4.1.3.tgz 0ms (cache hit)
86 http cache @eslint/create-config@https://registry.npmjs.org/@eslint/create-config/-/create-config-1.10.0.tgz 0ms (cache hit)
87 http cache shebang-command@https://registry.npmjs.org/shebang-command/-/shebang-command-2.0.0.tgz 0ms (cache hit)
88 http cache enquirer@https://registry.npmjs.org/enquirer/-/enquirer-2.4.1.tgz 0ms (cache hit)
89 http cache semver@https://registry.npmjs.org/semver/-/semver-7.7.2.tgz 0ms (cache hit)
90 http cache cross-spawn@https://registry.npmjs.org/cross-spawn/-/cross-spawn-7.0.6.tgz 0ms (cache hit)
91 silly tarball no local data for ansi-colors@https://registry.npmjs.org/ansi-colors/-/ansi-colors-4.1.3.tgz. Extracting by manifest.
92 http fetch POST 200 https://registry.npmjs.org/-/npm/v1/security/advisories/bulk 1006ms
93 silly audit report {}
94 http fetch GET 200 https://registry.npmjs.org/ansi-colors/-/ansi-colors-4.1.3.tgz 309ms (cache miss)
95 verbose cwd C:\Practice\REACTAPP
96 verbose os Windows_NT 10.0.26100
97 verbose node v22.19.0
98 verbose npm  v11.6.1
99 verbose exit 0
100 info ok
